train 69863 images | val 10000 images
anchors 49 | ABSENT share of targets 75.4%
params 22.7M  (hidden=512)  ~45 MB at float16
  ep1 200/4366 loss 4.6166 (68s)
  ep1 400/4366 loss 3.9353 (124s)
  ep1 600/4366 loss 3.6520 (180s)
  ep1 800/4366 loss 3.4682 (237s)
  ep1 1000/4366 loss 3.3507 (293s)
  ep1 1200/4366 loss 3.2459 (351s)
  ep1 1400/4366 loss 3.1656 (409s)
  ep1 1600/4366 loss 3.0921 (469s)
  ep1 1800/4366 loss 3.0272 (528s)
  ep1 2000/4366 loss 2.9657 (589s)
  ep1 2200/4366 loss 2.9117 (650s)
  ep1 2400/4366 loss 2.8594 (711s)
  ep1 2600/4366 loss 2.8145 (772s)
  ep1 2800/4366 loss 2.7748 (846s)
  ep1 3000/4366 loss 2.7418 (932s)
  ep1 3200/4366 loss 2.7082 (1025s)
  ep1 3400/4366 loss 2.6738 (1113s)
  ep1 3600/4366 loss 2.6439 (1197s)
  ep1 3800/4366 loss 2.6167 (1280s)
  ep1 4000/4366 loss 2.5923 (1364s)
  ep1 4200/4366 loss 2.5658 (1447s)

epoch 1/5  1617s
  val loss          1.5014
  position acc      32.6%   (within 1 cell, where a lane exists)
  FALSE LANE RATE   2.02%  <- invented a lane on empty road
  miss rate         47.4%   (stayed silent where a lane existed)
  style acc         80.8%

  saved -> ufld_lane/weights/ufld_lane_h512.pt

  ep2 200/4366 loss 2.0147 (48s)
  ep2 400/4366 loss 2.0163 (99s)
  ep2 600/4366 loss 2.0020 (148s)
  ep2 800/4366 loss 1.9996 (194s)
  ep2 1000/4366 loss 1.9949 (243s)
  ep2 1200/4366 loss 1.9856 (314s)
  ep2 1400/4366 loss 1.9775 (358s)
  ep2 1600/4366 loss 1.9692 (400s)
  ep2 1800/4366 loss 1.9617 (444s)
  ep2 2000/4366 loss 1.9558 (487s)
  ep2 2200/4366 loss 1.9496 (529s)
  ep2 2400/4366 loss 1.9427 (573s)
  ep2 2600/4366 loss 1.9355 (616s)
  ep2 2800/4366 loss 1.9272 (659s)
  ep2 3000/4366 loss 1.9216 (703s)
  ep2 3200/4366 loss 1.9150 (747s)
  ep2 3400/4366 loss 1.9090 (792s)
  ep2 3600/4366 loss 1.9032 (836s)
  ep2 3800/4366 loss 1.8966 (881s)
  ep2 4000/4366 loss 1.8893 (925s)
  ep2 4200/4366 loss 1.8822 (971s)

epoch 2/5  1141s
  val loss          1.2552
  position acc      52.7%   (within 1 cell, where a lane exists)
  FALSE LANE RATE   4.13%  <- invented a lane on empty road
  miss rate         28.8%   (stayed silent where a lane existed)
  style acc         83.5%

  saved -> ufld_lane/weights/ufld_lane_h512.pt

  ep3 200/4366 loss 1.6848 (30s)
  ep3 400/4366 loss 1.6885 (59s)
  ep3 600/4366 loss 1.6745 (88s)
  ep3 800/4366 loss 1.6734 (118s)
  ep3 1000/4366 loss 1.6754 (152s)
  ep3 1200/4366 loss 1.6687 (190s)
  ep3 1400/4366 loss 1.6686 (223s)
  ep3 1600/4366 loss 1.6683 (256s)
  ep3 1800/4366 loss 1.6647 (291s)
  ep3 2000/4366 loss 1.6573 (324s)
  ep3 2200/4366 loss 1.6541 (358s)
  ep3 2400/4366 loss 1.6497 (392s)
  ep3 2600/4366 loss 1.6448 (426s)
  ep3 2800/4366 loss 1.6437 (460s)
  ep3 3000/4366 loss 1.6399 (494s)
  ep3 3200/4366 loss 1.6365 (530s)
  ep3 3400/4366 loss 1.6325 (565s)
  ep3 3600/4366 loss 1.6302 (600s)
  ep3 3800/4366 loss 1.6258 (645s)
  ep3 4000/4366 loss 1.6207 (709s)
  ep3 4200/4366 loss 1.6181 (765s)

epoch 3/5  927s
  val loss          1.1304
  position acc      60.3%   (within 1 cell, where a lane exists)
  FALSE LANE RATE   4.50%  <- invented a lane on empty road
  miss rate         23.5%   (stayed silent where a lane existed)
  style acc         84.8%

  saved -> ufld_lane/weights/ufld_lane_h512.pt

  ep4 200/4366 loss 1.4781 (44s)
  ep4 400/4366 loss 1.4587 (88s)
  ep4 600/4366 loss 1.4594 (133s)
  ep4 800/4366 loss 1.4583 (177s)
  ep4 1000/4366 loss 1.4495 (224s)
  ep4 1200/4366 loss 1.4437 (271s)
  ep4 1400/4366 loss 1.4433 (317s)
  ep4 1600/4366 loss 1.4389 (365s)
  ep4 1800/4366 loss 1.4368 (414s)
  ep4 2000/4366 loss 1.4358 (462s)
  ep4 2200/4366 loss 1.4319 (512s)
  ep4 2400/4366 loss 1.4278 (558s)
  ep4 2600/4366 loss 1.4257 (603s)
  ep4 2800/4366 loss 1.4241 (648s)
  ep4 3000/4366 loss 1.4217 (695s)
  ep4 3200/4366 loss 1.4184 (742s)
  ep4 3400/4366 loss 1.4156 (787s)
  ep4 3600/4366 loss 1.4130 (834s)
  ep4 3800/4366 loss 1.4105 (881s)
  ep4 4000/4366 loss 1.4057 (927s)
  ep4 4200/4366 loss 1.4023 (974s)

epoch 4/5  1134s
  val loss          1.0424
  position acc      63.0%   (within 1 cell, where a lane exists)
  FALSE LANE RATE   3.41%  <- invented a lane on empty road
  miss rate         24.0%   (stayed silent where a lane existed)
  style acc         86.5%

  saved -> ufld_lane/weights/ufld_lane_h512.pt

  ep5 200/4366 loss 1.2390 (38s)
  ep5 400/4366 loss 1.2407 (76s)
  ep5 600/4366 loss 1.2398 (113s)
  ep5 800/4366 loss 1.2401 (151s)
  ep5 1000/4366 loss 1.2422 (189s)
  ep5 1200/4366 loss 1.2461 (227s)
  ep5 1400/4366 loss 1.2456 (266s)
  ep5 1600/4366 loss 1.2413 (305s)
  ep5 1800/4366 loss 1.2397 (344s)
  ep5 2000/4366 loss 1.2392 (382s)
  ep5 2200/4366 loss 1.2390 (422s)
  ep5 2400/4366 loss 1.2392 (461s)
  ep5 2600/4366 loss 1.2398 (500s)
  ep5 2800/4366 loss 1.2396 (539s)
  ep5 3000/4366 loss 1.2384 (578s)
  ep5 3200/4366 loss 1.2383 (618s)
  ep5 3400/4366 loss 1.2374 (660s)
  ep5 3600/4366 loss 1.2362 (705s)
  ep5 3800/4366 loss 1.2351 (751s)
  ep5 4000/4366 loss 1.2341 (795s)
  ep5 4200/4366 loss 1.2329 (839s)

epoch 5/5  996s
  val loss          1.0241
  position acc      65.3%   (within 1 cell, where a lane exists)
  FALSE LANE RATE   3.85%  <- invented a lane on empty road
  miss rate         21.4%   (stayed silent where a lane existed)
  style acc         86.7%

  saved -> ufld_lane/weights/ufld_lane_h512.pt

done.
